// Vitest Snapshot v1, https://vitest.dev/guide/snapshot.html

exports[`formatDeckAsText() > formats customizable 1`] = `
"# The Adventures of Carolyn Fern

Investigator: Carolyn Fern  

Experience: 47  
Taboo†: 2.1 (Aug 30, 2023)  

## Deck

**Asset** (13)  
_Hand_ (2)  
- Alchemical Distillation (C) x2
  - Mending Distillate.
  - Calming Distillate.
  - Refined.
  - Empowered.
  - Perfected.

_Hand x2_ (2)  
- Runic Axe† (C) x2
  - Heirloom.
  - Inscription of Glory.

_Arcane_ (4)  
- Hunter's Armor (C) x2
  - Enchanted.
  - Durable.
  - Hallowed.
  - Lightweight.
- Summoned Servitor (C) x2
  - Claws that Catch.
  - Dominance. Choice: Ally

_Body_ (2)  
- Living Ink (C) x2
  - Chosen skill: Willpower
  - Shifting Ink.
  - Eldritch Ink. Choice: Intellect
  - Eldritch Ink. Choice: Agility

_No Slot_ (3)  
- Empirical Hypothesis (C) x2
  - Trial and Error.
  - Research Grant.
- Hypnotic Therapy

**Event** (7)  
- Friends in Low Places (C) x2
  - Chosen Trait: Innate
  - Versatile. Choice: Illicit
  - Prompt.
- Power Word† (C) x3
  - Cower.
  - Thrice Spoken.
- The Raven Quill (C) x2
  - Named Tome or Spell asset: Abyssal Tome
  - Spectral Binding.
  - Endless Inkwell. Choice: Abyssal Tome, Old Book of Lore

**Skill** (2)  
- Grizzled (C) x2
  - Traits chosen: Innate, Expert
  - Specialist. Choice: Practiced

**Treachery** (2)  
- Random Basic Weakness
- Rational Thought
"
`;

exports[`formatDeckAsText() > formats multi-faction decks 1`] = `
"# Benchmark Charlie (Quick Guide)

Investigator: Charlie Kane  
Faction 1: Guardian  
Faction 2: Survivor  

Experience: 33  
Taboo†: 2.0 (Aug 26, 2022)  

## Deck

**Asset** (18)  
_Hand_ (2)  
- Fire Axe x2

_Accessory_ (1)  
- Hallowed Mirror

_Ally_ (6)  
- Bonnie Walsh
- Laboratory Assistant x2
- Leo De Luca (1)
- Michael Leigh (5)
- Miss Doyle (1)

_Ally. Arcane_ (2)  
- Summoned Hound (1) x2

_No Slot_ (4)  
- Drawing Thin† x2
- Safeguard (2) x2

_Permanent_ (3)  
- Charisma (3) x2
- In the Thick of It

**Event** (8)  
- A Chance Encounter (2) x2
- Calling in Favors x2
- Gang Up (1) x2
- Motivational Speech x2

**Skill** (8)  
- Inspiring Presence x2
- Strength in Numbers (1) x2
- Take Heart x2
- Vicious Blow x2

**Treachery** (2)  
- Burden of Leadership
- Random Basic Weakness

## Side deck

**Asset** (1)  
_Ally_ (1)  
- The Black Cat (5)
"
`;

exports[`formatDeckAsText() > formats the spirit deck 1`] = `
"# The Jim Culver Mysteries

Investigator: Jim Culver  
Parallel: Original Front, Parallel Back  

Experience: 0  

## Deck

**Asset** (21)  
_Hand_ (7)  
- Gravedigger's Shovel x2
- Hallowed Chalice
- Jim's Trumpet
- Knife
- Ritual Candles x2

_Accessory_ (1)  
- Grisly Totem

_Ally_ (1)  
- Sled Dog

_Arcane_ (6)  
- Armageddon
- Clarity of Mind
- Eye of Chaos
- Obfuscation x2
- Scrying

_Hand. Arcane_ (1)  
- Enchanted Blade

_No Slot_ (3)  
- Arcane Studies
- Blood Pact
- Forbidden Knowledge

_Permanent_ (2)  
- Down the Rabbit Hole
- The Beyond

**Event** (9)  
- Delve Too Deep
- Deny Existence
- Drawn to the Flame
- Ethereal Form
- Ethereal Slip
- Explosive Ward
- Power Word (C)
- Ward of Radiance
- Waylay

**Skill** (3)  
- Enraptured
- Grizzled (C)
- Reckless Assault

**Treachery** (2)  
- Final Rhapsody
- Random Basic Weakness
## Spirits

**Asset** (9)  
_Ally_ (9)  
- Arcane Initiate
- Beat Cop
- Eldritch Sophist
- Familiar Spirit
- Gregory Gry
- Henry Wan
- Laboratory Assistant
- Madame Labranche
- Medical Student

**Enemy** (1)  
- Vengeful Shade
"
`;
